// Jest Snapshot v1, https://goo.gl/fbAQLP

exports[`NotesPicker.vue matches snapshot 1`] = `
<div class="picker-container" notes="note one,note two">
  <div class="search-container">
    <div class="input-group">
      <div id="sizing-addon1" class="input-group-prepend"><span class="input-group-text">🔍</span></div> <input type="text" placeholder="Search ..." class="form-control">
    </div>
  </div>
  <ul class="list-group"></ul>
  <div class="input-group new-note-input"><input type="text" placeholder="Add note ..." class="form-control">
    <div class="input-group-btn"><button type="button" disabled="disabled" class="btn btn-primary">+</button></div>
  </div>
</div>
`;
