// Jest Snapshot v1, https://goo.gl/fbAQLP

exports[`NotesEditor.vue matches snapshot 1`] = `
<div class="container-fluid" note="this is a note">
  <div class="row">
    <div class="col editor-container" name="collapse"><button class="btn btn-primary btn-editor">â—€</button> <textarea></textarea></div>
    <div class="col editor-container result-container">
      <!---->
      <div class="text-compiled"></div>
    </div>
  </div>
</div>
`;
